Archive member included to satisfy reference by file (symbol)

c:/st/stm32cubeide_1.7.0/stm32cubeide/plugins/com.st.stm32cube.ide.mcu.externaltools.gnu-tools-for-stm32.9-2020-q2-update.win32_2.0.0.202105311346/tools/bin/../lib/gcc/arm-none-eabi/9.3.1/../../../../arm-none-eabi/lib/thumb/v7e-m+fp/hard\libc_nano.a(lib_a-errno.o)
                              ./Core/Src/syscalls.o (__errno)
c:/st/stm32cubeide_1.7.0/stm32cubeide/plugins/com.st.stm32cube.ide.mcu.externaltools.gnu-tools-for-stm32.9-2020-q2-update.win32_2.0.0.202105311346/tools/bin/../lib/gcc/arm-none-eabi/9.3.1/../../../../arm-none-eabi/lib/thumb/v7e-m+fp/hard\libc_nano.a(lib_a-exit.o)
                              c:/st/stm32cubeide_1.7.0/stm32cubeide/plugins/com.st.stm32cube.ide.mcu.externaltools.gnu-tools-for-stm32.9-2020-q2-update.win32_2.0.0.202105311346/tools/bin/../lib/gcc/arm-none-eabi/9.3.1/../../../../arm-none-eabi/lib/thumb/v7e-m+fp/hard/crt0.o (exit)
c:/st/stm32cubeide_1.7.0/stm32cubeide/plugins/com.st.stm32cube.ide.mcu.externaltools.gnu-tools-for-stm32.9-2020-q2-update.win32_2.0.0.202105311346/tools/bin/../lib/gcc/arm-none-eabi/9.3.1/../../../../arm-none-eabi/lib/thumb/v7e-m+fp/hard\libc_nano.a(lib_a-impure.o)
                              c:/st/stm32cubeide_1.7.0/stm32cubeide/plugins/com.st.stm32cube.ide.mcu.externaltools.gnu-tools-for-stm32.9-2020-q2-update.win32_2.0.0.202105311346/tools/bin/../lib/gcc/arm-none-eabi/9.3.1/../../../../arm-none-eabi/lib/thumb/v7e-m+fp/hard\libc_nano.a(lib_a-exit.o) (_global_impure_ptr)
c:/st/stm32cubeide_1.7.0/stm32cubeide/plugins/com.st.stm32cube.ide.mcu.externaltools.gnu-tools-for-stm32.9-2020-q2-update.win32_2.0.0.202105311346/tools/bin/../lib/gcc/arm-none-eabi/9.3.1/../../../../arm-none-eabi/lib/thumb/v7e-m+fp/hard\libc_nano.a(lib_a-init.o)
                              c:/st/stm32cubeide_1.7.0/stm32cubeide/plugins/com.st.stm32cube.ide.mcu.externaltools.gnu-tools-for-stm32.9-2020-q2-update.win32_2.0.0.202105311346/tools/bin/../lib/gcc/arm-none-eabi/9.3.1/../../../../arm-none-eabi/lib/thumb/v7e-m+fp/hard/crt0.o (__libc_init_array)
c:/st/stm32cubeide_1.7.0/stm32cubeide/plugins/com.st.stm32cube.ide.mcu.externaltools.gnu-tools-for-stm32.9-2020-q2-update.win32_2.0.0.202105311346/tools/bin/../lib/gcc/arm-none-eabi/9.3.1/../../../../arm-none-eabi/lib/thumb/v7e-m+fp/hard\libc_nano.a(lib_a-memset.o)
                              c:/st/stm32cubeide_1.7.0/stm32cubeide/plugins/com.st.stm32cube.ide.mcu.externaltools.gnu-tools-for-stm32.9-2020-q2-update.win32_2.0.0.202105311346/tools/bin/../lib/gcc/arm-none-eabi/9.3.1/../../../../arm-none-eabi/lib/thumb/v7e-m+fp/hard/crt0.o (memset)
c:/st/stm32cubeide_1.7.0/stm32cubeide/plugins/com.st.stm32cube.ide.mcu.externaltools.gnu-tools-for-stm32.9-2020-q2-update.win32_2.0.0.202105311346/tools/bin/../lib/gcc/arm-none-eabi/9.3.1/thumb/v7e-m+fp/hard\libgcc.a(_arm_muldf3.o)
                              ./Core/Src/main.o (__aeabi_dmul)
c:/st/stm32cubeide_1.7.0/stm32cubeide/plugins/com.st.stm32cube.ide.mcu.externaltools.gnu-tools-for-stm32.9-2020-q2-update.win32_2.0.0.202105311346/tools/bin/../lib/gcc/arm-none-eabi/9.3.1/thumb/v7e-m+fp/hard\libgcc.a(_arm_addsubdf3.o)
                              ./Core/Src/main.o (__aeabi_f2d)
c:/st/stm32cubeide_1.7.0/stm32cubeide/plugins/com.st.stm32cube.ide.mcu.externaltools.gnu-tools-for-stm32.9-2020-q2-update.win32_2.0.0.202105311346/tools/bin/../lib/gcc/arm-none-eabi/9.3.1/thumb/v7e-m+fp/hard\libgcc.a(_arm_truncdfsf2.o)
                              ./Core/Src/main.o (__aeabi_d2f)
c:/st/stm32cubeide_1.7.0/stm32cubeide/plugins/com.st.stm32cube.ide.mcu.externaltools.gnu-tools-for-stm32.9-2020-q2-update.win32_2.0.0.202105311346/tools/bin/../lib/gcc/arm-none-eabi/9.3.1/thumb/v7e-m+fp/hard\libgcc.a(_aeabi_ldivmod.o)
                              ./Drivers/STM32F4xx_HAL_Driver/Src/stm32f4xx_hal_rcc.o (__aeabi_ldivmod)
c:/st/stm32cubeide_1.7.0/stm32cubeide/plugins/com.st.stm32cube.ide.mcu.externaltools.gnu-tools-for-stm32.9-2020-q2-update.win32_2.0.0.202105311346/tools/bin/../lib/gcc/arm-none-eabi/9.3.1/thumb/v7e-m+fp/hard\libgcc.a(_aeabi_uldivmod.o)
                              ./Drivers/STM32F4xx_HAL_Driver/Src/stm32f4xx_hal_rcc.o (__aeabi_uldivmod)
c:/st/stm32cubeide_1.7.0/stm32cubeide/plugins/com.st.stm32cube.ide.mcu.externaltools.gnu-tools-for-stm32.9-2020-q2-update.win32_2.0.0.202105311346/tools/bin/../lib/gcc/arm-none-eabi/9.3.1/thumb/v7e-m+fp/hard\libgcc.a(_udivmoddi4.o)
                              c:/st/stm32cubeide_1.7.0/stm32cubeide/plugins/com.st.stm32cube.ide.mcu.externaltools.gnu-tools-for-stm32.9-2020-q2-update.win32_2.0.0.202105311346/tools/bin/../lib/gcc/arm-none-eabi/9.3.1/thumb/v7e-m+fp/hard\libgcc.a(_aeabi_ldivmod.o) (__udivmoddi4)
c:/st/stm32cubeide_1.7.0/stm32cubeide/plugins/com.st.stm32cube.ide.mcu.externaltools.gnu-tools-for-stm32.9-2020-q2-update.win32_2.0.0.202105311346/tools/bin/../lib/gcc/arm-none-eabi/9.3.1/thumb/v7e-m+fp/hard\libgcc.a(_dvmd_tls.o)
[...]
Memory Configuration

Name             Origin             Length             Attributes
CCMRAM           0x0000000010000000 0x0000000000010000 xrw
RAM              0x0000000020000000 0x0000000000020000 xrw
FLASH            0x0000000008000000 0x0000000000100000 xr
*default*        0x0000000000000000 0xffffffffffffffff

Linker script and memory map

LOAD c:/st/stm32cubeide_1.7.0/stm32cubeide/plugins/com.st.stm32cube.ide.mcu.externaltools.gnu-tools-for-stm32.9-2020-q2-update.win32_2.0.0.202105311346/tools/bin/../lib/gcc/arm-none-eabi/9.3.1/thumb/v7e-m+fp/hard/crti.o
LOAD c:/st/stm32cubeide_1.7.0/stm32cubeide/plugins/com.st.stm32cube.ide.mcu.externaltools.gnu-tools-for-stm32.9-2020-q2-update.win32_2.0.0.202105311346/tools/bin/../lib/gcc/arm-none-eabi/9.3.1/thumb/v7e-m+fp/hard/crtbegin.o
LOAD c:/st/stm32cubeide_1.7.0/stm32cubeide/plugins/com.st.stm32cube.ide.mcu.externaltools.gnu-tools-for-stm32.9-2020-q2-update.win32_2.0.0.202105311346/tools/bin/../lib/gcc/arm-none-eabi/9.3.1/../../../../arm-none-eabi/lib/thumb/v7e-m+fp/hard/crt0.o
LOAD ./Core/Src/EEPROM.o
LOAD ./Core/Src/main.o
LOAD ./Core/Src/stm32f4xx_hal_msp.o
LOAD ./Core/Src/stm32f4xx_it.o
LOAD ./Core/Src/syscalls.o
LOAD ./Core/Src/sysmem.o
LOAD ./Core/Src/system_stm32f4xx.o
LOAD ./Core/Startup/startup_stm32f407zgtx.o
LOAD ./Drivers/STM32F4xx_HAL_Driver/Src/stm32f4xx_hal.o
LOAD ./Drivers/STM32F4xx_HAL_Driver/Src/stm32f4xx_hal_adc.o
LOAD ./Drivers/STM32F4xx_HAL_Driver/Src/stm32f4xx_hal_adc_ex.o
LOAD ./Drivers/STM32F4xx_HAL_Driver/Src/stm32f4xx_hal_can.o
LOAD ./Drivers/STM32F4xx_HAL_Driver/Src/stm32f4xx_hal_cortex.o
LOAD ./Drivers/STM32F4xx_HAL_Driver/Src/stm32f4xx_hal_dma.o
LOAD ./Drivers/STM32F4xx_HAL_Driver/Src/stm32f4xx_hal_dma_ex.o
LOAD ./Drivers/STM32F4xx_HAL_Driver/Src/stm32f4xx_hal_exti.o
LOAD ./Drivers/STM32F4xx_HAL_Driver/Src/stm32f4xx_hal_flash.o
LOAD ./Drivers/STM32F4xx_HAL_Driver/Src/stm32f4xx_hal_flash_ex.o
LOAD ./Drivers/STM32F4xx_HAL_Driver/Src/stm32f4xx_hal_flash_ramfunc.o
LOAD ./Drivers/STM32F4xx_HAL_Driver/Src/stm32f4xx_hal_gpio.o
LOAD ./Drivers/STM32F4xx_HAL_Driver/Src/stm32f4xx_hal_i2c.o
LOAD ./Drivers/STM32F4xx_HAL_Driver/Src/stm32f4xx_hal_i2c_ex.o
LOAD ./Drivers/STM32F4xx_HAL_Driver/Src/stm32f4xx_hal_pwr.o
LOAD ./Drivers/STM32F4xx_HAL_Driver/Src/stm32f4xx_hal_pwr_ex.o
LOAD ./Drivers/STM32F4xx_HAL_Driver/Src/stm32f4xx_hal_rcc.o
LOAD ./Drivers/STM32F4xx_HAL_Driver/Src/stm32f4xx_hal_rcc_ex.o
LOAD ./Drivers/STM32F4xx_HAL_Driver/Src/stm32f4xx_hal_tim.o
LOAD ./Drivers/STM32F4xx_HAL_Driver/Src/stm32f4xx_hal_tim_ex.o
LOAD ./Drivers/STM32F4xx_HAL_Driver/Src/stm32f4xx_ll_adc.o
START GROUP
LOAD c:/st/stm32cubeide_1.7.0/stm32cubeide/plugins/com.st.stm32cube.ide.mcu.externaltools.gnu-tools-for-stm32.9-2020-q2-update.win32_2.0.0.202105311346/tools/bin/../lib/gcc/arm-none-eabi/9.3.1/../../../../arm-none-eabi/lib/thumb/v7e-m+fp/hard\libc_nano.a
LOAD c:/st/stm32cubeide_1.7.0/stm32cubeide/plugins/com.st.stm32cube.ide.mcu.externaltools.gnu-tools-for-stm32.9-2020-q2-update.win32_2.0.0.202105311346/tools/bin/../lib/gcc/arm-none-eabi/9.3.1/../../../../arm-none-eabi/lib/thumb/v7e-m+fp/hard\libm.a
END GROUP
START GROUP
LOAD c:/st/stm32cubeide_1.7.0/stm32cubeide/plugins/com.st.stm32cube.ide.mcu.externaltools.gnu-tools-for-stm32.9-2020-q2-update.win32_2.0.0.202105311346/tools/bin/../lib/gcc/arm-none-eabi/9.3.1/thumb/v7e-m+fp/hard\libgcc.a
LOAD c:/st/stm32cubeide_1.7.0/stm32cubeide/plugins/com.st.stm32cube.ide.mcu.externaltools.gnu-tools-for-stm32.9-2020-q2-update.win32_2.0.0.202105311346/tools/bin/../lib/gcc/arm-none-eabi/9.3.1/../../../../arm-none-eabi/lib/thumb/v7e-m+fp/hard\libc_nano.a
END GROUP
START GROUP
LOAD c:/st/stm32cubeide_1.7.0/stm32cubeide/plugins/com.st.stm32cube.ide.mcu.externaltools.gnu-tools-for-stm32.9-2020-q2-update.win32_2.0.0.202105311346/tools/bin/../lib/gcc/arm-none-eabi/9.3.1/thumb/v7e-m+fp/hard\libgcc.a
LOAD c:/st/stm32cubeide_1.7.0/stm32cubeide/plugins/com.st.stm32cube.ide.mcu.externaltools.gnu-tools-for-stm32.9-2020-q2-update.win32_2.0.0.202105311346/tools/bin/../lib/gcc/arm-none-eabi/9.3.1/../../../../arm-none-eabi/lib/thumb/v7e-m+fp/hard\libc_nano.a
LOAD c:/st/stm32cubeide_1.7.0/stm32cubeide/plugins/com.st.stm32cube.ide.mcu.externaltools.gnu-tools-for-stm32.9-2020-q2-update.win32_2.0.0.202105311346/tools/bin/../lib/gcc/arm-none-eabi/9.3.1/../../../../arm-none-eabi/lib/thumb/v7e-m+fp/hard\libnosys.a
END GROUP
START GROUP
LOAD c:/st/stm32cubeide_1.7.0/stm32cubeide/plugins/com.st.stm32cube.ide.mcu.externaltools.gnu-tools-for-stm32.9-2020-q2-update.win32_2.0.0.202105311346/tools/bin/../lib/gcc/arm-none-eabi/9.3.1/thumb/v7e-m+fp/hard\libgcc.a
LOAD c:/st/stm32cubeide_1.7.0/stm32cubeide/plugins/com.st.stm32cube.ide.mcu.externaltools.gnu-tools-for-stm32.9-2020-q2-update.win32_2.0.0.202105311346/tools/bin/../lib/gcc/arm-none-eabi/9.3.1/../../../../arm-none-eabi/lib/thumb/v7e-m+fp/hard\libc_nano.a
LOAD c:/st/stm32cubeide_1.7.0/stm32cubeide/plugins/com.st.stm32cube.ide.mcu.externaltools.gnu-tools-for-stm32.9-2020-q2-update.win32_2.0.0.202105311346/tools/bin/../lib/gcc/arm-none-eabi/9.3.1/../../../../arm-none-eabi/lib/thumb/v7e-m+fp/hard\libnosys.a
END GROUP
LOAD c:/st/stm32cubeide_1.7.0/stm32cubeide/plugins/com.st.stm32cube.ide.mcu.externaltools.gnu-tools-for-stm32.9-2020-q2-update.win32_2.0.0.202105311346/tools/bin/../lib/gcc/arm-none-eabi/9.3.1/thumb/v7e-m+fp/hard/crtend.o
LOAD c:/st/stm32cubeide_1.7.0/stm32cubeide/plugins/com.st.stm32cube.ide.mcu.externaltools.gnu-tools-for-stm32.9-2020-q2-update.win32_2.0.0.202105311346/tools/bin/../lib/gcc/arm-none-eabi/9.3.1/thumb/v7e-m+fp/hard/crtn.o
                0x0000000020020000                _estack = (ORIGIN (RAM) + LENGTH (RAM))
                0x0000000000000200                _Min_Heap_Size = 0x200
                0x0000000000000400                _Min_Stack_Size = 0x400

.isr_vector     0x0000000008000000      0x188
                0x0000000008000000                . = ALIGN (0x4)
 *(.isr_vector)
 .isr_vector    0x0000000008000000      0x188 ./Core/Startup/startup_stm32f407zgtx.o
                0x0000000008000000                g_pfnVectors
                0x0000000008000188                . = ALIGN (0x4)

.text           0x0000000008000188     0x4354
                0x0000000008000188                . = ALIGN (0x4)
 *(.text)
 .text          0x0000000008000188       0x40 c:/st/stm32cubeide_1.7.0/stm32cubeide/plugins/com.st.stm32cube.ide.mcu.externaltools.gnu-tools-for-stm32.9-2020-q2-update.win32_2.0.0.202105311346/tools/bin/../lib/gcc/arm-none-eabi/9.3.1/thumb/v7e-m+fp/hard/crtbegin.o
 .text          0x00000000080001c8      0x254 c:/st/stm32cubeide_1.7.0/stm32cubeide/plugins/com.st.stm32cube.ide.mcu.externaltools.gnu-tools-for-stm32.9-2020-q2-update.win32_2.0.0.202105311346/tools/bin/../lib/gcc/arm-none-eabi/9.3.1/thumb/v7e-m+fp/hard\libgcc.a(_arm_muldf3.o)
                0x00000000080001c8                __muldf3
                0x00000000080001c8                __aeabi_dmul
 .text          0x000000000800041c      0x378 c:/st/stm32cubeide_1.7.0/stm32cubeide/plugins/com.st.stm32cube.ide.mcu.externaltools.gnu-tools-for-stm32.9-2020-q2-update.win32_2.0.0.202105311346/tools/bin/../lib/gcc/arm-none-eabi/9.3.1/thumb/v7e-m+fp/hard\libgcc.a(_arm_addsubdf3.o)
                0x000000000800041c                __aeabi_drsub
                0x0000000008000424                __aeabi_dsub
                0x0000000008000424                __subdf3
                0x0000000008000428                __aeabi_dadd
                0x0000000008000428                __adddf3
                0x00000000080006a0                __floatunsidf
                0x00000000080006a0                __aeabi_ui2d
                0x00000000080006c0                __floatsidf
                0x00000000080006c0                __aeabi_i2d
                0x00000000080006e4                __aeabi_f2d
                0x00000000080006e4                __extendsfdf2
                0x0000000008000728                __floatundidf
                0x0000000008000728                __aeabi_ul2d
                0x0000000008000738                __floatdidf
                0x0000000008000738                __aeabi_l2d
 .text          0x0000000008000794       0xa0 c:/st/stm32cubeide_1.7.0/stm32cubeide/plugins/com.st.stm32cube.ide.mcu.externaltools.gnu-tools-for-stm32.9-2020-q2-update.win32_2.0.0.202105311346/tools/bin/../lib/gcc/arm-none-eabi/9.3.1/thumb/v7e-m+fp/hard\libgcc.a(_arm_truncdfsf2.o)
                0x0000000008000794                __truncdfsf2
                0x0000000008000794                __aeabi_d2f
 .text          0x0000000008000834       0x30 c:/st/stm32cubeide_1.7.0/stm32cubeide/plugins/com.st.stm32cube.ide.mcu.externaltools.gnu-tools-for-stm32.9-2020-q2-update.win32_2.0.0.202105311346/tools/bin/../lib/gcc/arm-none-eabi/9.3.1/thumb/v7e-m+fp/hard\libgcc.a(_aeabi_uldivmod.o)
                0x0000000008000834                __aeabi_uldivmod
 .text          0x0000000008000864      0x2c4 c:/st/stm32cubeide_1.7.0/stm32cubeide/plugins/com.st.stm32cube.ide.mcu.externaltools.gnu-tools-for-stm32.9-2020-q2-update.win32_2.0.0.202105311346/tools/bin/../lib/gcc/arm-none-eabi/9.3.1/thumb/v7e-m+fp/hard\libgcc.a(_udivmoddi4.o)
                0x0000000008000864                __udivmoddi4
 .text          0x0000000008000b28        0x4 c:/st/stm32cubeide_1.7.0/stm32cubeide/plugins/com.st.stm32cube.ide.mcu.externaltools.gnu-tools-for-stm32.9-2020-q2-update.win32_2.0.0.202105311346/tools/bin/../lib/gcc/arm-none-eabi/9.3.1/thumb/v7e-m+fp/hard\libgcc.a(_dvmd_tls.o)
                0x0000000008000b28                __aeabi_idiv0
                0x0000000008000b28                __aeabi_ldiv0
 *(.text*)
 .text.EEPROM_Write
                0x0000000008000b2c       0x70 ./Core/Src/EEPROM.o
                0x0000000008000b2c                EEPROM_Write
 .text.float2Bytes
                0x0000000008000b9c       0x1c ./Core/Src/EEPROM.o
                0x0000000008000b9c                float2Bytes
 .text.Bytes2float
                0x0000000008000bb8       0x1c ./Core/Src/EEPROM.o
                0x0000000008000bb8                Bytes2float
 .text.EEPROM_Write_NUM
                0x0000000008000bd4       0x24 ./Core/Src/EEPROM.o
                0x0000000008000bd4                EEPROM_Write_NUM
 .text.EEPROM_Read
                0x0000000008000bf8       0x6c ./Core/Src/EEPROM.o
                0x0000000008000bf8                EEPROM_Read
 .text.EEPROM_Read_NUM
                0x0000000008000c64       0x18 ./Core/Src/EEPROM.o
                0x0000000008000c64                EEPROM_Read_NUM
 .text.sendData.10823
                0x0000000008000c7c       0x3c ./Core/Src/main.o
 .text.mux      0x0000000008000cb8       0x44 ./Core/Src/main.o
                0x0000000008000cb8                mux
 .text.check_channels
                0x0000000008000cfc       0xe8 ./Core/Src/main.o
                0x0000000008000cfc                check_channels
 .text.HAL_CAN_RxFifo0MsgPendingCallback
                0x0000000008000de4      0x27c ./Core/Src/main.o
                0x0000000008000de4                HAL_CAN_RxFifo0MsgPendingCallback
 .text.SystemClock_Config
                0x0000000008001060       0xa0 ./Core/Src/main.o
                0x0000000008001060                SystemClock_Config
 .text.startup.main
                0x0000000008001100     0x13a0 ./Core/Src/main.o
                0x0000000008001100                main
 .text.HAL_MspInit
                0x00000000080024a0       0x38 ./Core/Src/stm32f4xx_hal_msp.o
                0x00000000080024a0                HAL_MspInit
 .text.HAL_ADC_MspInit
                0x00000000080024d8       0xb4 ./Core/Src/stm32f4xx_hal_msp.o
                0x00000000080024d8                HAL_ADC_MspInit
 .text.HAL_CAN_MspInit
                0x000000000800258c       0x7c ./Core/Src/stm32f4xx_hal_msp.o
                0x000000000800258c                HAL_CAN_MspInit
 .text.HAL_I2C_MspInit
                0x0000000008002608       0x6c ./Core/Src/stm32f4xx_hal_msp.o
                0x0000000008002608                HAL_I2C_MspInit
 .text.HAL_TIM_Base_MspInit
                0x0000000008002674       0x30 ./Core/Src/stm32f4xx_hal_msp.o
                0x0000000008002674                HAL_TIM_Base_MspInit
 .text.NMI_Handler
                0x00000000080026a4        0x2 ./Core/Src/stm32f4xx_it.o
                0x00000000080026a4                NMI_Handler
 .text.HardFault_Handler
                0x00000000080026a6        0x2 ./Core/Src/stm32f4xx_it.o
                0x00000000080026a6                HardFault_Handler
 .text.MemManage_Handler
                0x00000000080026a8        0x2 ./Core/Src/stm32f4xx_it.o
                0x00000000080026a8                MemManage_Handler
 .text.BusFault_Handler
                0x00000000080026aa        0x2 ./Core/Src/stm32f4xx_it.o
                0x00000000080026aa                BusFault_Handler
 .text.UsageFault_Handler
                0x00000000080026ac        0x2 ./Core/Src/stm32f4xx_it.o
                0x00000000080026ac                UsageFault_Handler
 .text.SVC_Handler
                0x00000000080026ae        0x2 ./Core/Src/stm32f4xx_it.o
                0x00000000080026ae                SVC_Handler
 .text.DebugMon_Handler
                0x00000000080026b0        0x2 ./Core/Src/stm32f4xx_it.o
                0x00000000080026b0                DebugMon_Handler
 .text.PendSV_Handler
                0x00000000080026b2        0x2 ./Core/Src/stm32f4xx_it.o
                0x00000000080026b2                PendSV_Handler
 .text.SysTick_Handler
                0x00000000080026b4        0x4 ./Core/Src/stm32f4xx_it.o
                0x00000000080026b4                SysTick_Handler
 .text.CAN1_RX0_IRQHandler
                0x00000000080026b8        0xc ./Core/Src/stm32f4xx_it.o
                0x00000000080026b8                CAN1_RX0_IRQHandler
 .text.SystemInit
                0x00000000080026c4       0x14 ./Core/Src/system_stm32f4xx.o
                0x00000000080026c4                SystemInit
 .text.Reset_Handler
                0x00000000080026d8       0x50 ./Core/Startup/startup_stm32f407zgtx.o
                0x00000000080026d8                Reset_Handler
 .text.Default_Handler
                0x0000000008002728        0x2 ./Core/Startup/startup_stm32f407zgtx.o
                0x0000000008002728                RTC_Alarm_IRQHandler
                0x0000000008002728                HASH_RNG_IRQHandler
                0x0000000008002728                EXTI2_IRQHandler
                0x0000000008002728                TIM8_CC_IRQHandler
                0x0000000008002728                TIM1_CC_IRQHandler
                0x0000000008002728                DMA2_Stream5_IRQHandler
                0x0000000008002728                DMA1_Stream5_IRQHandler
                0x0000000008002728                PVD_IRQHandler
                0x0000000008002728                SDIO_IRQHandler
                0x0000000008002728                TAMP_STAMP_IRQHandler
                0x0000000008002728                CAN2_RX1_IRQHandler
                0x0000000008002728                EXTI3_IRQHandler
                0x0000000008002728                TIM8_TRG_COM_TIM14_IRQHandler
                0x0000000008002728                TIM1_UP_TIM10_IRQHandler
                0x0000000008002728                TIM8_UP_TIM13_IRQHandler
                0x0000000008002728                I2C3_ER_IRQHandler
                0x0000000008002728                EXTI0_IRQHandler
                0x0000000008002728                I2C2_EV_IRQHandler
                0x0000000008002728                DMA1_Stream2_IRQHandler
                0x0000000008002728                FPU_IRQHandler
                0x0000000008002728                OTG_HS_WKUP_IRQHandler
                0x0000000008002728                CAN2_SCE_IRQHandler
                0x0000000008002728                DMA2_Stream2_IRQHandler
                0x0000000008002728                SPI1_IRQHandler
                0x0000000008002728                TIM6_DAC_IRQHandler
                0x0000000008002728                TIM1_BRK_TIM9_IRQHandler
                0x0000000008002728                DCMI_IRQHandler
                0x0000000008002728                CAN2_RX0_IRQHandler
                0x0000000008002728                DMA2_Stream3_IRQHandler
                0x0000000008002728                USART6_IRQHandler
                0x0000000008002728                USART3_IRQHandler
                0x0000000008002728                CAN1_RX1_IRQHandler
                0x0000000008002728                UART5_IRQHandler
                0x0000000008002728                DMA2_Stream0_IRQHandler
                0x0000000008002728                TIM4_IRQHandler
                0x0000000008002728                I2C1_EV_IRQHandler
                0x0000000008002728                DMA1_Stream6_IRQHandler
                0x0000000008002728                DMA1_Stream1_IRQHandler
                0x0000000008002728                UART4_IRQHandler
                0x0000000008002728                TIM3_IRQHandler
                0x0000000008002728                RCC_IRQHandler
                0x0000000008002728                TIM8_BRK_TIM12_IRQHandler
                0x0000000008002728                Default_Handler
                0x0000000008002728                EXTI15_10_IRQHandler
                0x0000000008002728                ADC_IRQHandler
                0x0000000008002728                DMA1_Stream7_IRQHandler
                0x0000000008002728                TIM7_IRQHandler
                0x0000000008002728                CAN2_TX_IRQHandler
                0x0000000008002728                TIM5_IRQHandler
                0x0000000008002728                DMA2_Stream7_IRQHandler
                0x0000000008002728                I2C3_EV_IRQHandler
                0x0000000008002728                EXTI9_5_IRQHandler
                0x0000000008002728                RTC_WKUP_IRQHandler
                0x0000000008002728                ETH_WKUP_IRQHandler
                0x0000000008002728                SPI2_IRQHandler
                0x0000000008002728                OTG_HS_EP1_IN_IRQHandler
                0x0000000008002728                DMA1_Stream0_IRQHandler
                0x0000000008002728                CAN1_TX_IRQHandler
                0x0000000008002728                EXTI4_IRQHandler
                0x0000000008002728                FSMC_IRQHandler
                0x0000000008002728                ETH_IRQHandler
                0x0000000008002728                OTG_HS_EP1_OUT_IRQHandler
                0x0000000008002728                WWDG_IRQHandler
                0x0000000008002728                TIM2_IRQHandler
                0x0000000008002728                OTG_FS_WKUP_IRQHandler
                0x0000000008002728                TIM1_TRG_COM_TIM11_IRQHandler
                0x0000000008002728                OTG_HS_IRQHandler
                0x0000000008002728                EXTI1_IRQHandler
                0x0000000008002728                USART2_IRQHandler
                0x0000000008002728                I2C2_ER_IRQHandler
                0x0000000008002728                DMA2_Stream1_IRQHandler
                0x0000000008002728                CAN1_SCE_IRQHandler
                0x0000000008002728                FLASH_IRQHandler
                0x0000000008002728                DMA2_Stream4_IRQHandler
                0x0000000008002728                USART1_IRQHandler
                0x0000000008002728                OTG_FS_IRQHandler
                0x0000000008002728                SPI3_IRQHandler
                0x0000000008002728                DMA1_Stream4_IRQHandler
                0x0000000008002728                I2C1_ER_IRQHandler
                0x0000000008002728                DMA2_Stream6_IRQHandler
                0x0000000008002728                DMA1_Stream3_IRQHandler
 *fill*         0x000000000800272a        0x2 
 .text.HAL_InitTick
                0x000000000800272c       0x48 ./Drivers/STM32F4xx_HAL_Driver/Src/stm32f4xx_hal.o
                0x000000000800272c                HAL_InitTick
 .text.HAL_Init
                0x0000000008002774       0x34 ./Drivers/STM32F4xx_HAL_Driver/Src/stm32f4xx_hal.o
                0x0000000008002774                HAL_Init
 .text.HAL_IncTick
                0x00000000080027a8       0x18 ./Drivers/STM32F4xx_HAL_Driver/Src/stm32f4xx_hal.o
                0x00000000080027a8                HAL_IncTick
 .text.HAL_GetTick
                0x00000000080027c0        0xc ./Drivers/STM32F4xx_HAL_Driver/Src/stm32f4xx_hal.o
                0x00000000080027c0                HAL_GetTick
 .text.HAL_Delay
                0x00000000080027cc       0x28 ./Drivers/STM32F4xx_HAL_Driver/Src/stm32f4xx_hal.o
                0x00000000080027cc                HAL_Delay
 .text.HAL_ADC_Init
                0x00000000080027f4      0x14c ./Drivers/STM32F4xx_HAL_Driver/Src/stm32f4xx_hal_adc.o
                0x00000000080027f4                HAL_ADC_Init
 .text.HAL_ADC_Start
                0x0000000008002940      0x108 ./Drivers/STM32F4xx_HAL_Driver/Src/stm32f4xx_hal_adc.o
                0x0000000008002940                HAL_ADC_Start
 .text.HAL_ADC_Stop
                0x0000000008002a48       0x36 ./Drivers/STM32F4xx_HAL_Driver/Src/stm32f4xx_hal_adc.o
                0x0000000008002a48                HAL_ADC_Stop
 .text.HAL_ADC_PollForConversion
                0x0000000008002a7e       0xa6 ./Drivers/STM32F4xx_HAL_Driver/Src/stm32f4xx_hal_adc.o
                0x0000000008002a7e                HAL_ADC_PollForConversion
 .text.HAL_ADC_GetValue
                0x0000000008002b24        0x6 ./Drivers/STM32F4xx_HAL_Driver/Src/stm32f4xx_hal_adc.o
                0x0000000008002b24                HAL_ADC_GetValue
 *fill*         0x0000000008002b2a        0x2 
 .text.HAL_ADC_ConfigChannel
                0x0000000008002b2c      0x124 ./Drivers/STM32F4xx_HAL_Driver/Src/stm32f4xx_hal_adc.o
                0x0000000008002b2c                HAL_ADC_ConfigChannel
 .text.HAL_CAN_Init
                0x0000000008002c50       0xf6 ./Drivers/STM32F4xx_HAL_Driver/Src/stm32f4xx_hal_can.o
                0x0000000008002c50                HAL_CAN_Init
 *fill*         0x0000000008002d46        0x2 
 .text.HAL_CAN_ConfigFilter
                0x0000000008002d48      0x110 ./Drivers/STM32F4xx_HAL_Driver/Src/stm32f4xx_hal_can.o
                0x0000000008002d48                HAL_CAN_ConfigFilter
 .text.HAL_CAN_Start
                0x0000000008002e58       0x5c ./Drivers/STM32F4xx_HAL_Driver/Src/stm32f4xx_hal_can.o
                0x0000000008002e58                HAL_CAN_Start
 .text.HAL_CAN_AddTxMessage
                0x0000000008002eb4       0xa0 ./Drivers/STM32F4xx_HAL_Driver/Src/stm32f4xx_hal_can.o
                0x0000000008002eb4                HAL_CAN_AddTxMessage
 .text.HAL_CAN_GetRxMessage
                0x0000000008002f54       0xee ./Drivers/STM32F4xx_HAL_Driver/Src/stm32f4xx_hal_can.o
                0x0000000008002f54                HAL_CAN_GetRxMessage
 .text.HAL_CAN_ActivateNotification
                0x0000000008003042       0x22 ./Drivers/STM32F4xx_HAL_Driver/Src/stm32f4xx_hal_can.o
                0x0000000008003042                HAL_CAN_ActivateNotification
 .text.HAL_CAN_TxMailbox0CompleteCallback
                0x0000000008003064        0x2 ./Drivers/STM32F4xx_HAL_Driver/Src/stm32f4xx_hal_can.o
                0x0000000008003064                HAL_CAN_TxMailbox0CompleteCallback
 .text.HAL_CAN_TxMailbox1CompleteCallback
                0x0000000008003066        0x2 ./Drivers/STM32F4xx_HAL_Driver/Src/stm32f4xx_hal_can.o
                0x0000000008003066                HAL_CAN_TxMailbox1CompleteCallback
 .text.HAL_CAN_TxMailbox2CompleteCallback
                0x0000000008003068        0x2 ./Drivers/STM32F4xx_HAL_Driver/Src/stm32f4xx_hal_can.o
                0x0000000008003068                HAL_CAN_TxMailbox2CompleteCallback
 .text.HAL_CAN_TxMailbox0AbortCallback
                0x000000000800306a        0x2 ./Drivers/STM32F4xx_HAL_Driver/Src/stm32f4xx_hal_can.o
                0x000000000800306a                HAL_CAN_TxMailbox0AbortCallback
 .text.HAL_CAN_TxMailbox1AbortCallback
                0x000000000800306c        0x2 ./Drivers/STM32F4xx_HAL_Driver/Src/stm32f4xx_hal_can.o
                0x000000000800306c                HAL_CAN_TxMailbox1AbortCallback
 .text.HAL_CAN_TxMailbox2AbortCallback
                0x000000000800306e        0x2 ./Drivers/STM32F4xx_HAL_Driver/Src/stm32f4xx_hal_can.o
                0x000000000800306e                HAL_CAN_TxMailbox2AbortCallback
 .text.HAL_CAN_RxFifo0FullCallback
                0x0000000008003070        0x2 ./Drivers/STM32F4xx_HAL_Driver/Src/stm32f4xx_hal_can.o
                0x0000000008003070                HAL_CAN_RxFifo0FullCallback
 .text.HAL_CAN_RxFifo1MsgPendingCallback
                0x0000000008003072        0x2 ./Drivers/STM32F4xx_HAL_Driver/Src/stm32f4xx_hal_can.o
                0x0000000008003072                HAL_CAN_RxFifo1MsgPendingCallback
 .text.HAL_CAN_RxFifo1FullCallback
                0x0000000008003074        0x2 ./Drivers/STM32F4xx_HAL_Driver/Src/stm32f4xx_hal_can.o
                0x0000000008003074                HAL_CAN_RxFifo1FullCallback
 .text.HAL_CAN_SleepCallback
                0x0000000008003076        0x2 ./Drivers/STM32F4xx_HAL_Driver/Src/stm32f4xx_hal_can.o
                0x0000000008003076                HAL_CAN_SleepCallback
 .text.HAL_CAN_WakeUpFromRxMsgCallback
                0x0000000008003078        0x2 ./Drivers/STM32F4xx_HAL_Driver/Src/stm32f4xx_hal_can.o
                0x0000000008003078                HAL_CAN_WakeUpFromRxMsgCallback
 .text.HAL_CAN_ErrorCallback
                0x000000000800307a        0x2 ./Drivers/STM32F4xx_HAL_Driver/Src/stm32f4xx_hal_can.o
                0x000000000800307a                HAL_CAN_ErrorCallback
 .text.HAL_CAN_IRQHandler
                0x000000000800307c      0x1fc ./Drivers/STM32F4xx_HAL_Driver/Src/stm32f4xx_hal_can.o
                0x000000000800307c                HAL_CAN_IRQHandler
 .text.HAL_NVIC_SetPriorityGrouping
                0x0000000008003278       0x24 ./Drivers/STM32F4xx_HAL_Driver/Src/stm32f4xx_hal_cortex.o
                0x0000000008003278                HAL_NVIC_SetPriorityGrouping
 .text.HAL_NVIC_SetPriority
                0x000000000800329c       0x64 ./Drivers/STM32F4xx_HAL_Driver/Src/stm32f4xx_hal_cortex.o
                0x000000000800329c                HAL_NVIC_SetPriority
 .text.HAL_NVIC_EnableIRQ
                0x0000000008003300       0x1c ./Drivers/STM32F4xx_HAL_Driver/Src/stm32f4xx_hal_cortex.o
                0x0000000008003300                HAL_NVIC_EnableIRQ
 .text.HAL_SYSTICK_Config
                0x000000000800331c       0x2c ./Drivers/STM32F4xx_HAL_Driver/Src/stm32f4xx_hal_cortex.o
                0x000000000800331c                HAL_SYSTICK_Config
 .text.HAL_GPIO_Init
                0x0000000008003348      0x1b4 ./Drivers/STM32F4xx_HAL_Driver/Src/stm32f4xx_hal_gpio.o
                0x0000000008003348                HAL_GPIO_Init
 .text.HAL_GPIO_ReadPin
                0x00000000080034fc        0xc ./Drivers/STM32F4xx_HAL_Driver/Src/stm32f4xx_hal_gpio.o
                0x00000000080034fc                HAL_GPIO_ReadPin
 .text.HAL_GPIO_WritePin
                0x0000000008003508        0xa ./Drivers/STM32F4xx_HAL_Driver/Src/stm32f4xx_hal_gpio.o
                0x0000000008003508                HAL_GPIO_WritePin
 .text.I2C_IsAcknowledgeFailed
                0x0000000008003512       0x34 ./Drivers/STM32F4xx_HAL_Driver/Src/stm32f4xx_hal_i2c.o
 .text.I2C_WaitOnMasterAddressFlagUntilTimeout
                0x0000000008003546       0x76 ./Drivers/STM32F4xx_HAL_Driver/Src/stm32f4xx_hal_i2c.o
 .text.I2C_WaitOnBTFFlagUntilTimeout
                0x00000000080035bc       0x4c ./Drivers/STM32F4xx_HAL_Driver/Src/stm32f4xx_hal_i2c.o
 .text.I2C_WaitOnRXNEFlagUntilTimeout
                0x0000000008003608       0x5e ./Drivers/STM32F4xx_HAL_Driver/Src/stm32f4xx_hal_i2c.o
 .text.I2C_WaitOnFlagUntilTimeout
                0x0000000008003666       0x64 ./Drivers/STM32F4xx_HAL_Driver/Src/stm32f4xx_hal_i2c.o
 .text.I2C_WaitOnTXEFlagUntilTimeout
                0x00000000080036ca       0x4c ./Drivers/STM32F4xx_HAL_Driver/Src/stm32f4xx_hal_i2c.o
 *fill*         0x0000000008003716        0x2 
 .text.I2C_RequestMemoryWrite
                0x0000000008003718       0xb0 ./Drivers/STM32F4xx_HAL_Driver/Src/stm32f4xx_hal_i2c.o
 .text.I2C_RequestMemoryRead
                0x00000000080037c8      0x104 ./Drivers/STM32F4xx_HAL_Driver/Src/stm32f4xx_hal_i2c.o
 .text.HAL_I2C_Init
                0x00000000080038cc      0x150 ./Drivers/STM32F4xx_HAL_Driver/Src/stm32f4xx_hal_i2c.o
                0x00000000080038cc                HAL_I2C_Init
 .text.HAL_I2C_Mem_Write
                0x0000000008003a1c      0x120 ./Drivers/STM32F4xx_HAL_Driver/Src/stm32f4xx_hal_i2c.o
                0x0000000008003a1c                HAL_I2C_Mem_Write
 .text.HAL_I2C_Mem_Read
                0x0000000008003b3c      0x210 ./Drivers/STM32F4xx_HAL_Driver/Src/stm32f4xx_hal_i2c.o
                0x0000000008003b3c                HAL_I2C_Mem_Read
 .text.HAL_RCC_OscConfig
                0x0000000008003d4c      0x358 ./Drivers/STM32F4xx_HAL_Driver/Src/stm32f4xx_hal_rcc.o
                0x0000000008003d4c                HAL_RCC_OscConfig
 .text.HAL_RCC_GetSysClockFreq
                0x00000000080040a4       0x5c ./Drivers/STM32F4xx_HAL_Driver/Src/stm32f4xx_hal_rcc.o
                0x00000000080040a4                HAL_RCC_GetSysClockFreq
 .text.HAL_RCC_ClockConfig
                0x0000000008004100      0x138 ./Drivers/STM32F4xx_HAL_Driver/Src/stm32f4xx_hal_rcc.o
                0x0000000008004100                HAL_RCC_ClockConfig
 .text.HAL_RCC_GetPCLK1Freq
                0x0000000008004238       0x20 ./Drivers/STM32F4xx_HAL_Driver/Src/stm32f4xx_hal_rcc.o
                0x0000000008004238                HAL_RCC_GetPCLK1Freq
 .text.HAL_TIM_Base_Start_IT
                0x0000000008004258       0x74 ./Drivers/STM32F4xx_HAL_Driver/Src/stm32f4xx_hal_tim.o
                0x0000000008004258                HAL_TIM_Base_Start_IT
 .text.TIM_Base_SetConfig
                0x00000000080042cc       0xcc ./Drivers/STM32F4xx_HAL_Driver/Src/stm32f4xx_hal_tim.o
                0x00000000080042cc                TIM_Base_SetConfig
 .text.HAL_TIM_Base_Init
                0x0000000008004398       0x58 ./Drivers/STM32F4xx_HAL_Driver/Src/stm32f4xx_hal_tim.o
                0x0000000008004398                HAL_TIM_Base_Init
 .text.HAL_TIMEx_MasterConfigSynchronization
                0x00000000080043f0       0x7c ./Drivers/STM32F4xx_HAL_Driver/Src/stm32f4xx_hal_tim_ex.o
                0x00000000080043f0                HAL_TIMEx_MasterConfigSynchronization
 .text.__libc_init_array
                0x000000000800446c       0x48 c:/st/stm32cubeide_1.7.0/stm32cubeide/plugins/com.st.stm32cube.ide.mcu.externaltools.gnu-tools-for-stm32.9-2020-q2-update.win32_2.0.0.202105311346/tools/bin/../lib/gcc/arm-none-eabi/9.3.1/../../../../arm-none-eabi/lib/thumb/v7e-m+fp/hard\libc_nano.a(lib_a-init.o)
                0x000000000800446c                __libc_init_array
 .text.memset   0x00000000080044b4       0x10 c:/st/stm32cubeide_1.7.0/stm32cubeide/plugins/com.st.stm32cube.ide.mcu.externaltools.gnu-tools-for-stm32.9-2020-q2-update.win32_2.0.0.202105311346/tools/bin/../lib/gcc/arm-none-eabi/9.3.1/../../../../arm-none-eabi/lib/thumb/v7e-m+fp/hard\libc_nano.a(lib_a-memset.o)
                0x00000000080044b4                memset
 *(.glue_7)
 .glue_7        0x00000000080044c4        0x0 linker stubs
 *(.glue_7t)
 .glue_7t       0x00000000080044c4        0x0 linker stubs
 *(.eh_frame)
 .eh_frame      0x00000000080044c4        0x0 c:/st/stm32cubeide_1.7.0/stm32cubeide/plugins/com.st.stm32cube.ide.mcu.externaltools.gnu-tools-for-stm32.9-2020-q2-update.win32_2.0.0.202105311346/tools/bin/../lib/gcc/arm-none-eabi/9.3.1/thumb/v7e-m+fp/hard/crtbegin.o
 *(.init)
 .init          0x00000000080044c4        0x4 c:/st/stm32cubeide_1.7.0/stm32cubeide/plugins/com.st.stm32cube.ide.mcu.externaltools.gnu-tools-for-stm32.9-2020-q2-update.win32_2.0.0.202105311346/tools/bin/../lib/gcc/arm-none-eabi/9.3.1/thumb/v7e-m+fp/hard/crti.o
                0x00000000080044c4                _init
 .init          0x00000000080044c8        0x8 c:/st/stm32cubeide_1.7.0/stm32cubeide/plugins/com.st.stm32cube.ide.mcu.externaltools.gnu-tools-for-stm32.9-2020-q2-update.win32_2.0.0.202105311346/tools/bin/../lib/gcc/arm-none-eabi/9.3.1/thumb/v7e-m+fp/hard/crtn.o
 *(.fini)
 .fini          0x00000000080044d0        0x4 c:/st/stm32cubeide_1.7.0/stm32cubeide/plugins/com.st.stm32cube.ide.mcu.externaltools.gnu-tools-for-stm32.9-2020-q2-update.win32_2.0.0.202105311346/tools/bin/../lib/gcc/arm-none-eabi/9.3.1/thumb/v7e-m+fp/hard/crti.o
                0x00000000080044d0                _fini
 .fini          0x00000000080044d4        0x8 c:/st/stm32cubeide_1.7.0/stm32cubeide/plugins/com.st.stm32cube.ide.mcu.externaltools.gnu-tools-for-stm32.9-2020-q2-update.win32_2.0.0.202105311346/tools/bin/../lib/gcc/arm-none-eabi/9.3.1/thumb/v7e-m+fp/hard/crtn.o
                0x00000000080044dc                . = ALIGN (0x4)
                0x00000000080044dc                _etext = .

.vfp11_veneer   0x00000000080044dc        0x0
 .vfp11_veneer  0x00000000080044dc        0x0 linker stubs

.v4_bx          0x00000000080044dc        0x0
 .v4_bx         0x00000000080044dc        0x0 linker stubs

.iplt           0x00000000080044dc        0x0
 .iplt          0x00000000080044dc        0x0 c:/st/stm32cubeide_1.7.0/stm32cubeide/plugins/com.st.stm32cube.ide.mcu.externaltools.gnu-tools-for-stm32.9-2020-q2-update.win32_2.0.0.202105311346/tools/bin/../lib/gcc/arm-none-eabi/9.3.1/thumb/v7e-m+fp/hard/crtbegin.o

.rodata         0x00000000080044dc       0x18
                0x00000000080044dc                . = ALIGN (0x4)
 *(.rodata)
 *(.rodata*)
 .rodata.AHBPrescTable
                0x00000000080044dc       0x10 ./Core/Src/system_stm32f4xx.o
                0x00000000080044dc                AHBPrescTable
 .rodata.APBPrescTable
                0x00000000080044ec        0x8 ./Core/Src/system_stm32f4xx.o
                0x00000000080044ec                APBPrescTable
                0x00000000080044f4                . = ALIGN (0x4)

.ARM.extab      0x00000000080044f4        0x0
                0x00000000080044f4                . = ALIGN (0x4)
 *(.ARM.extab* .gnu.linkonce.armextab.*)
                0x00000000080044f4                . = ALIGN (0x4)

.ARM            0x00000000080044f4        0x8
                0x00000000080044f4                . = ALIGN (0x4)
                0x00000000080044f4                __exidx_start = .
 *(.ARM.exidx*)
 .ARM.exidx     0x00000000080044f4        0x8 c:/st/stm32cubeide_1.7.0/stm32cubeide/plugins/com.st.stm32cube.ide.mcu.externaltools.gnu-tools-for-stm32.9-2020-q2-update.win32_2.0.0.202105311346/tools/bin/../lib/gcc/arm-none-eabi/9.3.1/thumb/v7e-m+fp/hard\libgcc.a(_udivmoddi4.o)
                0x00000000080044fc                __exidx_end = .
                0x00000000080044fc                . = ALIGN (0x4)

.rel.dyn        0x00000000080044fc        0x0
 .rel.iplt      0x00000000080044fc        0x0 c:/st/stm32cubeide_1.7.0/stm32cubeide/plugins/com.st.stm32cube.ide.mcu.externaltools.gnu-tools-for-stm32.9-2020-q2-update.win32_2.0.0.202105311346/tools/bin/../lib/gcc/arm-none-eabi/9.3.1/thumb/v7e-m+fp/hard/crtbegin.o

.preinit_array  0x00000000080044fc        0x0
                0x00000000080044fc                . = ALIGN (0x4)
                0x00000000080044fc                PROVIDE (__preinit_array_start = .)
 *(.preinit_array*)
                0x00000000080044fc                PROVIDE (__preinit_array_end = .)
                0x00000000080044fc                . = ALIGN (0x4)

.init_array     0x00000000080044fc        0x4
                0x00000000080044fc                . = ALIGN (0x4)
                0x00000000080044fc                PROVIDE (__init_array_start = .)
 *(SORT_BY_NAME(.init_array.*))
 *(.init_array*)
 .init_array    0x00000000080044fc        0x4 c:/st/stm32cubeide_1.7.0/stm32cubeide/plugins/com.st.stm32cube.ide.mcu.externaltools.gnu-tools-for-stm32.9-2020-q2-update.win32_2.0.0.202105311346/tools/bin/../lib/gcc/arm-none-eabi/9.3.1/thumb/v7e-m+fp/hard/crtbegin.o
                0x0000000008004500                PROVIDE (__init_array_end = .)
                0x0000000008004500                . = ALIGN (0x4)

.fini_array     0x0000000008004500        0x4
                0x0000000008004500                . = ALIGN (0x4)
                [!provide]                        PROVIDE (__fini_array_start = .)
 *(SORT_BY_NAME(.fini_array.*))
 *(.fini_array*)
 .fini_array    0x0000000008004500        0x4 c:/st/stm32cubeide_1.7.0/stm32cubeide/plugins/com.st.stm32cube.ide.mcu.externaltools.gnu-tools-for-stm32.9-2020-q2-update.win32_2.0.0.202105311346/tools/bin/../lib/gcc/arm-none-eabi/9.3.1/thumb/v7e-m+fp/hard/crtbegin.o
                [!provide]                        PROVIDE (__fini_array_end = .)
                0x0000000008004504                . = ALIGN (0x4)
                0x0000000008004504                _sidata = LOADADDR (.data)

.data           0x0000000020000000      0x364 load address 0x0000000008004504
                0x0000000020000000                . = ALIGN (0x4)
                0x0000000020000000                _sdata = .
 *(.data)
 *(.data*)
 .data.analogConfigs
                0x0000000020000000      0x258 ./Core/Src/main.o
                0x0000000020000000                analogConfigs
 .data.analogInputID
                0x0000000020000258       0x30 ./Core/Src/main.o
                0x0000000020000258                analogInputID
 .data.dataw3   0x0000000020000288        0x4 ./Core/Src/main.o
                0x0000000020000288                dataw3
 .data.digitalInputId
                0x000000002000028c       0x8e ./Core/Src/main.o
                0x000000002000028c                digitalInputId
 .data.id       0x000000002000031a       0x3c ./Core/Src/main.o
                0x000000002000031a                id
 *fill*         0x0000000020000356        0x2 
 .data.SystemCoreClock
                0x0000000020000358        0x4 ./Core/Src/system_stm32f4xx.o
                0x0000000020000358                SystemCoreClock
 .data.uwTickFreq
                0x000000002000035c        0x1 ./Drivers/STM32F4xx_HAL_Driver/Src/stm32f4xx_hal.o
                0x000000002000035c                uwTickFreq
 *fill*         0x000000002000035d        0x3 
 .data.uwTickPrio
                0x0000000020000360        0x4 ./Drivers/STM32F4xx_HAL_Driver/Src/stm32f4xx_hal.o
                0x0000000020000360                uwTickPrio
 *(.RamFunc)
 *(.RamFunc*)
                0x0000000020000364                . = ALIGN (0x4)
                0x0000000020000364                _edata = .
                0x0000000008004868                _siccmram = LOADADDR (.ccmram)

.igot.plt       0x0000000020000364        0x0 load address 0x0000000008004868
 .igot.plt      0x0000000020000364        0x0 c:/st/stm32cubeide_1.7.0/stm32cubeide/plugins/com.st.stm32cube.ide.mcu.externaltools.gnu-tools-for-stm32.9-2020-q2-update.win32_2.0.0.202105311346/tools/bin/../lib/gcc/arm-none-eabi/9.3.1/thumb/v7e-m+fp/hard/crtbegin.o

.ccmram         0x0000000010000000        0x0 load address 0x0000000008004868
                0x0000000010000000                . = ALIGN (0x4)
                0x0000000010000000                _sccmram = .
 *(.ccmram)
 *(.ccmram*)
                0x0000000010000000                . = ALIGN (0x4)
                0x0000000010000000                _eccmram = .
                0x0000000010000000                . = ALIGN (0x4)

.bss            0x0000000020000364     0x1254
                0x0000000020000364                _sbss = .
                0x0000000020000364                __bss_start__ = _sbss
 *(.bss)
 .bss           0x0000000020000364       0x1c c:/st/stm32cubeide_1.7.0/stm32cubeide/plugins/com.st.stm32cube.ide.mcu.externaltools.gnu-tools-for-stm32.9-2020-q2-update.win32_2.0.0.202105311346/tools/bin/../lib/gcc/arm-none-eabi/9.3.1/thumb/v7e-m+fp/hard/crtbegin.o
 *(.bss*)
 .bss.alarmCount
                0x0000000020000380       0x8e ./Core/Src/main.o
                0x0000000020000380                alarmCount
 *fill*         0x000000002000040e        0x2 
 .bss.alarmLevelRead
                0x0000000020000410       0x64 ./Core/Src/main.o
                0x0000000020000410                alarmLevelRead
 .bss.alarmLevelRecivedFlag
                0x0000000020000474        0x1 ./Core/Src/main.o
                0x0000000020000474                alarmLevelRecivedFlag
 *fill*         0x0000000020000475        0x1 
 .bss.alarmOn   0x0000000020000476       0x8e ./Core/Src/main.o
                0x0000000020000476                alarmOn
 .bss.alarmOnAnalog
                0x0000000020000504       0x3c ./Core/Src/main.o
                0x0000000020000504                alarmOnAnalog
 .bss.analogAlarmCount
                0x0000000020000540       0x30 ./Core/Src/main.o
                0x0000000020000540                analogAlarmCount
 .bss.analogAlarmCountDown
                0x0000000020000570       0x30 ./Core/Src/main.o
                0x0000000020000570                analogAlarmCountDown
 .bss.analogFadeOut
                0x00000000200005a0       0x18 ./Core/Src/main.o
                0x00000000200005a0                analogFadeOut
 .bss.analogFadeOutBaxmaq
                0x00000000200005b8       0x18 ./Core/Src/main.o
                0x00000000200005b8                analogFadeOutBaxmaq
 .bss.analogFadeOutTot
                0x00000000200005d0       0x18 ./Core/Src/main.o
                0x00000000200005d0                analogFadeOutTot
 .bss.analogFadeOutTotRead
                0x00000000200005e8       0x18 ./Core/Src/main.o
                0x00000000200005e8                analogFadeOutTotRead
 .bss.analogFadeOutTotReadTest
                0x0000000020000600       0x18 ./Core/Src/main.o
                0x0000000020000600                analogFadeOutTotReadTest
 .bss.contactStateRead
                0x0000000020000618        0xa ./Core/Src/main.o
                0x0000000020000618                contactStateRead
 .bss.contactStateTot
                0x0000000020000622        0xa ./Core/Src/main.o
                0x0000000020000622                contactStateTot
 .bss.datacheck
                0x000000002000062c        0x4 ./Core/Src/main.o
                0x000000002000062c                datacheck
 .bss.delaySeconds
                0x0000000020000630       0x90 ./Core/Src/main.o
                0x0000000020000630                delaySeconds
 .bss.delaySecondsCount
                0x00000000200006c0       0x8e ./Core/Src/main.o
                0x00000000200006c0                delaySecondsCount
 .bss.delaySecondsCountForOff
                0x000000002000074e       0x8e ./Core/Src/main.o
                0x000000002000074e                delaySecondsCountForOff
 .bss.digitalSum
                0x00000000200007dc       0x14 ./Core/Src/main.o
                0x00000000200007dc                digitalSum
 .bss.fadeOut   0x00000000200007f0       0x47 ./Core/Src/main.o
                0x00000000200007f0                fadeOut
 .bss.fadeOutBaxmaq
                0x0000000020000837       0x47 ./Core/Src/main.o
                0x0000000020000837                fadeOutBaxmaq
 *fill*         0x000000002000087e        0x2 
 .bss.fadeOutReg
                0x0000000020000880        0x4 ./Core/Src/main.o
                0x0000000020000880                fadeOutReg
 .bss.fadeOutTot
                0x0000000020000884       0x18 ./Core/Src/main.o
                0x0000000020000884                fadeOutTot
 .bss.fadeOutTotRead
                0x000000002000089c       0x18 ./Core/Src/main.o
                0x000000002000089c                fadeOutTotRead
 .bss.fadeOutTotReadTest
                0x00000000200008b4       0x18 ./Core/Src/main.o
                0x00000000200008b4                fadeOutTotReadTest
 .bss.i2_t      0x00000000200008cc        0x4 ./Core/Src/main.o
                0x00000000200008cc                i2_t
 .bss.kesirHisse
                0x00000000200008d0        0x4 ./Core/Src/main.o
                0x00000000200008d0                kesirHisse
 .bss.pk1       0x00000000200008d4        0x1 ./Core/Src/main.o
                0x00000000200008d4                pk1
 .bss.prencereAcilmaFlag
                0x00000000200008d5        0x1 ./Core/Src/main.o
                0x00000000200008d5                prencereAcilmaFlag
 *fill*         0x00000000200008d6        0x2 
 .bss.recivedID
                0x00000000200008d8        0x4 ./Core/Src/main.o
                0x00000000200008d8                recivedID
 .bss.recivedReset
                0x00000000200008dc        0x1 ./Core/Src/main.o
                0x00000000200008dc                recivedReset
 *fill*         0x00000000200008dd        0x3 
 .bss.say       0x00000000200008e0        0x4 ./Core/Src/main.o
                0x00000000200008e0                say
 .bss.secondByte
                0x00000000200008e4       0x30 ./Core/Src/main.o
                0x00000000200008e4                secondByte
 .bss.stationAlarm
                0x0000000020000914        0x2 ./Core/Src/main.o
                0x0000000020000914                stationAlarm
 *fill*         0x0000000020000916        0x2 
 .bss.tamHisse  0x0000000020000918        0x4 ./Core/Src/main.o
                0x0000000020000918                tamHisse
 .bss.waitingForDelay
                0x000000002000091c       0x8e ./Core/Src/main.o
                0x000000002000091c                waitingForDelay
 *(COMMON)
 COMMON         0x00000000200009aa        0x4 ./Core/Src/EEPROM.o
                0x00000000200009aa                bytes_temp
 *fill*         0x00000000200009ae        0x2 
 COMMON         0x00000000200009b0      0xc04 ./Core/Src/main.o
                0x00000000200009b0                voltValIncorrect
                0x0000000020000a78                analog
                0x0000000020000aa8                realVal
                0x0000000020000b70                secondWord
                0x0000000020000bd4                delaySecondsTot
                0x0000000020000c24                hadc2
                0x0000000020000c6c                hi2c2
                0x0000000020000cc0                contactStateTest
                0x0000000020000d50                alarmLevel
                0x0000000020000db4                digitalStates
                0x0000000020000e54                message
                0x0000000020000ed0                contactState
                0x0000000020000f60                datar3
                0x0000000020000f64                voltVal
                0x000000002000102c                hadc3
                0x0000000020001074                TxData
                0x0000000020001164                fractionPart
                0x0000000020001198                htim6
                0x00000000200011e0                TxMailbox
                0x00000000200011e4                delaySecondsTotRead
                0x0000000020001234                RxData
                0x000000002000123c                hcan1
                0x0000000020001264                TxHeader
                0x0000000020001534                RxHeader
                0x0000000020001550                intPart
 COMMON         0x00000000200015b4        0x4 ./Drivers/STM32F4xx_HAL_Driver/Src/stm32f4xx_hal.o
                0x00000000200015b4                uwTick
                0x00000000200015b8                . = ALIGN (0x4)
                0x00000000200015b8                _ebss = .
                0x00000000200015b8                __bss_end__ = _ebss

._user_heap_stack
                0x00000000200015b8      0x600
                0x00000000200015b8                . = ALIGN (0x8)
                [!provide]                        PROVIDE (end = .)
                0x00000000200015b8                PROVIDE (_end = .)
                0x00000000200017b8                . = (. + _Min_Heap_Size)
 *fill*         0x00000000200015b8      0x200 
                0x0000000020001bb8                . = (. + _Min_Stack_Size)
 *fill*         0x00000000200017b8      0x400 
                0x0000000020001bb8                . = ALIGN (0x8)

/DISCARD/
 libc.a(*)
 libm.a(*)
 libgcc.a(*)

.ARM.attributes
                0x0000000000000000       0x30
 *(.ARM.attributes)
 .ARM.attributes
                0x0000000000000000       0x1e c:/st/stm32cubeide_1.7.0/stm32cubeide/plugins/com.st.stm32cube.ide.mcu.externaltools.gnu-tools-for-stm32.9-2020-q2-update.win32_2.0.0.202105311346/tools/bin/../lib/gcc/arm-none-eabi/9.3.1/thumb/v7e-m+fp/hard/crti.o
 .ARM.attributes
                0x000000000000001e       0x34 c:/st/stm32cubeide_1.7.0/stm32cubeide/plugins/com.st.stm32cube.ide.mcu.externaltools.gnu-tools-for-stm32.9-2020-q2-update.win32_2.0.0.202105311346/tools/bin/../lib/gcc/arm-none-eabi/9.3.1/thumb/v7e-m+fp/hard/crtbegin.o
 .ARM.attributes
                0x0000000000000052       0x34 ./Core/Src/EEPROM.o
 .ARM.attributes
                0x0000000000000086       0x34 ./Core/Src/main.o
 .ARM.attributes
                0x00000000000000ba       0x34 ./Core/Src/stm32f4xx_hal_msp.o
 .ARM.attributes
                0x00000000000000ee       0x34 ./Core/Src/stm32f4xx_it.o
 .ARM.attributes
                0x0000000000000122       0x34 ./Core/Src/system_stm32f4xx.o
 .ARM.attributes
                0x0000000000000156       0x21 ./Core/Startup/startup_stm32f407zgtx.o
 .ARM.attributes
                0x0000000000000177       0x34 ./Drivers/STM32F4xx_HAL_Driver/Src/stm32f4xx_hal.o
 .ARM.attributes
                0x00000000000001ab       0x34 ./Drivers/STM32F4xx_HAL_Driver/Src/stm32f4xx_hal_adc.o
 .ARM.attributes
                0x00000000000001df       0x34 ./Drivers/STM32F4xx_HAL_Driver/Src/stm32f4xx_hal_can.o
 .ARM.attributes
                0x0000000000000213       0x34 ./Drivers/STM32F4xx_HAL_Driver/Src/stm32f4xx_hal_cortex.o
 .ARM.attributes
                0x0000000000000247       0x34 ./Drivers/STM32F4xx_HAL_Driver/Src/stm32f4xx_hal_gpio.o
 .ARM.attributes
                0x000000000000027b       0x34 ./Drivers/STM32F4xx_HAL_Driver/Src/stm32f4xx_hal_i2c.o
 .ARM.attributes
                0x00000000000002af       0x34 ./Drivers/STM32F4xx_HAL_Driver/Src/stm32f4xx_hal_rcc.o
 .ARM.attributes
                0x00000000000002e3       0x34 ./Drivers/STM32F4xx_HAL_Driver/Src/stm32f4xx_hal_tim.o
 .ARM.attributes
                0x0000000000000317       0x34 ./Drivers/STM32F4xx_HAL_Driver/Src/stm32f4xx_hal_tim_ex.o
 .ARM.attributes
                0x000000000000034b       0x34 c:/st/stm32cubeide_1.7.0/stm32cubeide/plugins/com.st.stm32cube.ide.mcu.externaltools.gnu-tools-for-stm32.9-2020-q2-update.win32_2.0.0.202105311346/tools/bin/../lib/gcc/arm-none-eabi/9.3.1/../../../../arm-none-eabi/lib/thumb/v7e-m+fp/hard\libc_nano.a(lib_a-init.o)
 .ARM.attributes
                0x000000000000037f       0x34 c:/st/stm32cubeide_1.7.0/stm32cubeide/plugins/com.st.stm32cube.ide.mcu.externaltools.gnu-tools-for-stm32.9-2020-q2-update.win32_2.0.0.202105311346/tools/bin/../lib/gcc/arm-none-eabi/9.3.1/../../../../arm-none-eabi/lib/thumb/v7e-m+fp/hard\libc_nano.a(lib_a-memset.o)
 .ARM.attributes
                0x00000000000003b3       0x1e c:/st/stm32cubeide_1.7.0/stm32cubeide/plugins/com.st.stm32cube.ide.mcu.externaltools.gnu-tools-for-stm32.9-2020-q2-update.win32_2.0.0.202105311346/tools/bin/../lib/gcc/arm-none-eabi/9.3.1/thumb/v7e-m+fp/hard\libgcc.a(_arm_muldf3.o)
 .ARM.attributes
                0x00000000000003d1       0x1e c:/st/stm32cubeide_1.7.0/stm32cubeide/plugins/com.st.stm32cube.ide.mcu.externaltools.gnu-tools-for-stm32.9-2020-q2-update.win32_2.0.0.202105311346/tools/bin/../lib/gcc/arm-none-eabi/9.3.1/thumb/v7e-m+fp/hard\libgcc.a(_arm_addsubdf3.o)
 .ARM.attributes
                0x00000000000003ef       0x1e c:/st/stm32cubeide_1.7.0/stm32cubeide/plugins/com.st.stm32cube.ide.mcu.externaltools.gnu-tools-for-stm32.9-2020-q2-update.win32_2.0.0.202105311346/tools/bin/../lib/gcc/arm-none-eabi/9.3.1/thumb/v7e-m+fp/hard\libgcc.a(_arm_truncdfsf2.o)
 .ARM.attributes
                0x000000000000040d       0x1e c:/st/stm32cubeide_1.7.0/stm32cubeide/plugins/com.st.stm32cube.ide.mcu.externaltools.gnu-tools-for-stm32.9-2020-q2-update.win32_2.0.0.202105311346/tools/bin/../lib/gcc/arm-none-eabi/9.3.1/thumb/v7e-m+fp/hard\libgcc.a(_aeabi_uldivmod.o)
 .ARM.attributes
                0x000000000000042b       0x34 c:/st/stm32cubeide_1.7.0/stm32cubeide/plugins/com.st.stm32cube.ide.mcu.externaltools.gnu-tools-for-stm32.9-2020-q2-update.win32_2.0.0.202105311346/tools/bin/../lib/gcc/arm-none-eabi/9.3.1/thumb/v7e-m+fp/hard\libgcc.a(_udivmoddi4.o)
 .ARM.attributes
                0x000000000000045f       0x1e c:/st/stm32cubeide_1.7.0/stm32cubeide/plugins/com.st.stm32cube.ide.mcu.externaltools.gnu-tools-for-stm32.9-2020-q2-update.win32_2.0.0.202105311346/tools/bin/../lib/gcc/arm-none-eabi/9.3.1/thumb/v7e-m+fp/hard\libgcc.a(_dvmd_tls.o)
 .ARM.attributes
                0x000000000000047d       0x1e c:/st/stm32cubeide_1.7.0/stm32cubeide/plugins/com.st.stm32cube.ide.mcu.externaltools.gnu-tools-for-stm32.9-2020-q2-update.win32_2.0.0.202105311346/tools/bin/../lib/gcc/arm-none-eabi/9.3.1/thumb/v7e-m+fp/hard/crtn.o
OUTPUT(stm32f407zg-Block2.elf elf32-littlearm)
LOAD linker stubs
LOAD c:/st/stm32cubeide_1.7.0/stm32cubeide/plugins/com.st.stm32cube.ide.mcu.externaltools.gnu-tools-for-stm32.9-2020-q2-update.win32_2.0.0.202105311346/tools/bin/../lib/gcc/arm-none-eabi/9.3.1/../../../../arm-none-eabi/lib/thumb/v7e-m+fp/hard\libc.a
LOAD c:/st/stm32cubeide_1.7.0/stm32cubeide/plugins/com.st.stm32cube.ide.mcu.externaltools.gnu-tools-for-stm32.9-2020-q2-update.win32_2.0.0.202105311346/tools/bin/../lib/gcc/arm-none-eabi/9.3.1/../../../../arm-none-eabi/lib/thumb/v7e-m+fp/hard\libm.a
LOAD c:/st/stm32cubeide_1.7.0/stm32cubeide/plugins/com.st.stm32cube.ide.mcu.externaltools.gnu-tools-for-stm32.9-2020-q2-update.win32_2.0.0.202105311346/tools/bin/../lib/gcc/arm-none-eabi/9.3.1/thumb/v7e-m+fp/hard\libgcc.a

.comment        0x0000000000000000       0x53
 .comment       0x0000000000000000       0x53 ./Core/Src/EEPROM.o
                                         0x54 (size before relaxing)
 .comment       0x0000000000000053       0x54 ./Core/Src/main.o
 .comment       0x0000000000000053       0x54 ./Core/Src/stm32f4xx_hal_msp.o
 .comment       0x0000000000000053       0x54 ./Core/Src/stm32f4xx_it.o
 .comment       0x0000000000000053       0x54 ./Core/Src/system_stm32f4xx.o
 .comment       0x0000000000000053       0x54 ./Drivers/STM32F4xx_HAL_Driver/Src/stm32f4xx_hal.o
 .comment       0x0000000000000053       0x54 ./Drivers/STM32F4xx_HAL_Driver/Src/stm32f4xx_hal_adc.o
 .comment       0x0000000000000053       0x54 ./Drivers/STM32F4xx_HAL_Driver/Src/stm32f4xx_hal_can.o
 .comment       0x0000000000000053       0x54 ./Drivers/STM32F4xx_HAL_Driver/Src/stm32f4xx_hal_cortex.o
 .comment       0x0000000000000053       0x54 ./Drivers/STM32F4xx_HAL_Driver/Src/stm32f4xx_hal_gpio.o
 .comment       0x0000000000000053       0x54 ./Drivers/STM32F4xx_HAL_Driver/Src/stm32f4xx_hal_i2c.o
 .comment       0x0000000000000053       0x54 ./Drivers/STM32F4xx_HAL_Driver/Src/stm32f4xx_hal_rcc.o
 .comment       0x0000000000000053       0x54 ./Drivers/STM32F4xx_HAL_Driver/Src/stm32f4xx_hal_tim.o
 .comment       0x0000000000000053       0x54 ./Drivers/STM32F4xx_HAL_Driver/Src/stm32f4xx_hal_tim_ex.o

.debug_frame    0x0000000000000000      0x1ac
 .debug_frame   0x0000000000000000       0x2c c:/st/stm32cubeide_1.7.0/stm32cubeide/plugins/com.st.stm32cube.ide.mcu.externaltools.gnu-tools-for-stm32.9-2020-q2-update.win32_2.0.0.202105311346/tools/bin/../lib/gcc/arm-none-eabi/9.3.1/../../../../arm-none-eabi/lib/thumb/v7e-m+fp/hard\libc_nano.a(lib_a-init.o)
 .debug_frame   0x000000000000002c       0x20 c:/st/stm32cubeide_1.7.0/stm32cubeide/plugins/com.st.stm32cube.ide.mcu.externaltools.gnu-tools-for-stm32.9-2020-q2-update.win32_2.0.0.202105311346/tools/bin/../lib/gcc/arm-none-eabi/9.3.1/../../../../arm-none-eabi/lib/thumb/v7e-m+fp/hard\libc_nano.a(lib_a-memset.o)
 .debug_frame   0x000000000000004c       0x30 c:/st/stm32cubeide_1.7.0/stm32cubeide/plugins/com.st.stm32cube.ide.mcu.externaltools.gnu-tools-for-stm32.9-2020-q2-update.win32_2.0.0.202105311346/tools/bin/../lib/gcc/arm-none-eabi/9.3.1/thumb/v7e-m+fp/hard\libgcc.a(_arm_muldf3.o)
 .debug_frame   0x000000000000007c       0xac c:/st/stm32cubeide_1.7.0/stm32cubeide/plugins/com.st.stm32cube.ide.mcu.externaltools.gnu-tools-for-stm32.9-2020-q2-update.win32_2.0.0.202105311346/tools/bin/../lib/gcc/arm-none-eabi/9.3.1/thumb/v7e-m+fp/hard\libgcc.a(_arm_addsubdf3.o)
 .debug_frame   0x0000000000000128       0x24 c:/st/stm32cubeide_1.7.0/stm32cubeide/plugins/com.st.stm32cube.ide.mcu.externaltools.gnu-tools-for-stm32.9-2020-q2-update.win32_2.0.0.202105311346/tools/bin/../lib/gcc/arm-none-eabi/9.3.1/thumb/v7e-m+fp/hard\libgcc.a(_arm_truncdfsf2.o)
 .debug_frame   0x000000000000014c       0x2c c:/st/stm32cubeide_1.7.0/stm32cubeide/plugins/com.st.stm32cube.ide.mcu.externaltools.gnu-tools-for-stm32.9-2020-q2-update.win32_2.0.0.202105311346/tools/bin/../lib/gcc/arm-none-eabi/9.3.1/thumb/v7e-m+fp/hard\libgcc.a(_aeabi_uldivmod.o)
 .debug_frame   0x0000000000000178       0x34 c:/st/stm32cubeide_1.7.0/stm32cubeide/plugins/com.st.stm32cube.ide.mcu.externaltools.gnu-tools-for-stm32.9-2020-q2-update.win32_2.0.0.202105311346/tools/bin/../lib/gcc/arm-none-eabi/9.3.1/thumb/v7e-m+fp/hard\libgcc.a(_udivmoddi4.o)
